[dyn.com/index.html]
[backblue.gif]
[fade.gif]
[index.html]
[dyn.com/favicon.ico]
[dyn.com/wp-content/themes/dynamic/css/styleae8f.css]
[dyn.com/xmlrpc.php]
[dyn.com/wp-content/themes/dynamic/images/en/express-fly-out.jpg]
[dyn.com/index5c7e.html]
[dyn.com/traffic-management/index.html]
[dyn.com/managed-dns-express/indexdedd.html]
[dyn.com/wp-content/uploads/2014/06/express-1-month-en.jpg]
[dyn.com/wp-content/uploads/2014/06/WB024_Homepage_PRE_A.jpg]
[dyn.com/managed-dns-express/indexe0a7.html]
[dyn.com/wp-content/uploads/2014/06/WP-Homepage-WP019-opt.jpg]
[dyn.com/managed-dns/index.html]
[dyn.com/traffic-director/index.html]
[dyn.com/events]
[dyn.com/wp-content/uploads/2014/06/worldcupdns.jpg]
[dyn.com/about/contact-us.d.delayed]
[dyn.com/free-dns-test/index.html]
[dyn.com/GET]
[dyn.com/message-management/index.html]
[dyn.com/email-delivery-express/index.html]
[ajax.googleapis.com/ajax/libs/jquery/1.8.2/jquery.min.js]
[dyn.com/wp-content/themes/dynamic/js/main-02.min29a5.js]
[dyn.com/reputation-management/index.html]
[dyn.com/wp-content/themes/dynamic/js/site-scripts.js]
[dyn.com/email-delivery/index.html]
[dyn.com/free-email-test/index.html]
[dyn.com/wp-content/themes/dynamic/js/dynevents.min26f8.js]
[dyn.com/wp-content/themes/dynamic/js/smartling.min458c.js]
[dyn.com/user_data9a8a.js]
[dyn.com/domain-services/index.html]
[dyn.com/dns/domain-registration/index.html]
[dyn.com/dns/dyn-standard-dns/index.html]
[dyn.com/wp-content/themes/dynamic/js/home-rotate.js]
[dyn.com/dns/secondary-dns/index.html]
[dyn.com/index.html]
[cdn.bizible.com/_biz-a.js]
[dyn.com/remote-access/index.html]
[dyn.com/performance-assurance/index.html]
[dyn.com/wp-content/themes/dynamic/css/styleae8f.css]
[dyn.com/infrastructure-operations/index.html]
[dyn.com/business-executives/index.html]
[dyn.com/index5c7e.html]
[dyn.com/business-continuity/index.html]
[dyn.com/cloud-adoption/index.html]
[dyn.com/cdn/index.html]
[dyn.com/transactional-email/index.html]
[dyn.com/traffic-management/index.html]
[dyn.com/product-wizard/index.html]
[dyn.com/home-users/index.html]
[dyn.com/content-hub/index.html]
[dyn.com/managed-dns-express/indexdedd.html]
[dyn.com/blog/index.html]
[dyn.com/managed-dns-express/indexe0a7.html]
[dyn.com/dynedu-videos-dns-email-delivery-explained/index.html]
[dyn.com/dns/whitepapers-technical-documents/index.html]
[dyn.com/managed-dns/index.html]
[dyn.com/email/email-delivery-deliverability-whitepapers-technical-documents/index.html]
[dyn.com/dyn-webinar-series-dns-email-delivery-deliverability/index.html]
[dyn.com/traffic-director/index.html]
[dyn.com/dns/case-studies/index.html]
[dyn.com/email/delivery-deliverability-case-studies/index.html]
[dyn.com/free-dns-test/index.html]
[dyn.com/about/index.html]
[dyn.com/message-management/index.html]
[dyn.com/about/events/index.html]
[dyn.com/about/press/index.html]
[dyn.com/email-delivery-express/index.html]
[dyn.com/support/index.html]
[dyn.com/email-delivery/index.html]
[dyn.com/about/careers/index.html]
[dyn.com/support/wizard-js/index.html]
[dyn.com/reputation-management/index.html]
[dyn.com/support/clients/index.html]
[dyn.com/support/customer-service-faqs/index.html]
[dyn.com/services/index.html]
[dyn.com/free-email-test/index.html]
[dyn.com/about/partners/index.html]
[dyn.com/about/contact-us/index.html]
[dyn.com/developers/index.html]
[dyn.com/domain-services/index.html]
[dyn.com/about/emea/index.html]
[dyn.com/dns/domain-registration/index.html]
[dyn.com/dns/dyn-standard-dns/index.html]
[dyn.com/managed-dns-express/index6045.html]
[dyn.com/dns/secondary-dns/index.html]
[dyn.com/twitter-a-dyn-case-study/index.html]
[dyn.com/remote-access/index.html]
[dyn.com/why-dyn/where-well-be.html]
[dyn.com/spiceworks-case-study-email-delivery-dns-it-professionals/index.html]
[dyn.com/performance-assurance/index.html]
[dyn.com/blog/how-the-world-cup-relies-on-dns/index.html]
[dyn.com/product-wizard/index.html]
[dyn.com/clients/index.html]
[dyn.com/email-delivery-deliverability-whitepapers-technical-documents/index.html]
[dyn.com/business-executives/index.html]
[dyn.com/newsletter-subscribe/index.html]
[dyn.com/infrastructure-operations/index.html]
[dyn.com/business-continuity/index.html]
[dyn.com/contact-us/index.html]
[dyn.com/legal/index.html]
[dyn.com/cloud-adoption/index.html]
[dyn.com/legal/dyn-privacy-policy/index.html]
[dyn.com/cdn/index.html]
[dyn.com/transactional-email/index.html]
[dyn.com/home-users/index.html]
[dyn.com/content-hub/index.html]
[dyn.com/blog/index.html]
[dyn.com/dyn-webinar-series-dns-email-delivery-deliverability/index.html]
[dyn.com/dynedu-videos-dns-email-delivery-explained/index.html]
[dyn.com/dns/whitepapers-technical-documents/index.html]
[dyn.com/email/email-delivery-deliverability-whitepapers-technical-documents/index.html]
[dyn.com/dns/case-studies/index.html]
[dyn.com/email/delivery-deliverability-case-studies/index.html]
[dyn.com/about/index.html]
[dyn.com/about/events/index.html]
[dyn.com/about/press/index.html]
[dyn.com/about/careers/index.html]
[dyn.com/support/index.html]
[dyn.com/support/wizard-js/index.html]
[dyn.com/support/customer-service-faqs/index.html]
[dyn.com/support/clients/index.html]
[dyn.com/services/index.html]
[dyn.com/developers/index.html]
[dyn.com/about/partners/index.html]
[dyn.com/about/contact-us/index.html]
[dyn.com/about/emea/index.html]
[dyn.com/Banner 1_ http_/dyn.com/wp-content/uploads/2014/06/express-1-month-en.html]
[dyn.com/Banner 2_ http_/dyn.com/wp-content/uploads/2014/06/WB024_Homepage_PRE_A.html]
[dyn.com/Banner 3_ http_/dyn.com/wp-content/uploads/2014/06/WP-Homepage-WP019-opt.html]
[dyn.com/managed-dns-express/index6045.html]
[dyn.com/twitter-a-dyn-case-study/index.html]
[dyn.com/spiceworks-case-study-email-delivery-dns-it-professionals/index.html]
[dyn.com/why-dyn/where-well-be.html]
[dyn.com/blog/how-the-world-cup-relies-on-dns/index.html]
[dyn.com/reporting-abuse/index.html]
[dyn.com/clients/index.html]
[dyn.com/email-delivery-deliverability-whitepapers-technical-documents/index.html]
[dyn.com/newsletter-subscribe/index.html]
[dyn.com/contact-us/index.html]
[dyn.com/legal/index.html]
[dyn.com/legal/dyn-privacy-policy/index.html]
[dyn.com/reporting-abuse/index.html]
[dyn.com/GET.html]
[dyn.com/user_data9a8a.html]
[www.googletagmanager.com/gtm5445.html]
